127
255
249
96
112
147
0
0
1
134
182
193
255
255
255