124
59
11
12
46
233
0
39
254
188
32
133
248
17
230