127
252
131
31
64
200
0
0
2
131
213
168
255
252
249