127
255
252
28
121
16
0
252
239
132
11
255
255
244